
Running 10 tests using 1 worker

(node:3184377) Warning: The 'NO_COLOR' env is ignored due to the 'FORCE_COLOR' env being set.
(Use `node --trace-warnings ...` to show where the warning was created)
  ✓   1 [managed] › test/e2e/computer-controls.spec.ts:6:1 › This computer manages real pairing links, tray and login choices in an isolated stock environment @managed (13.0s)
(node:3185952) Warning: The 'NO_COLOR' env is ignored due to the 'FORCE_COLOR' env being set.
(Use `node --trace-warnings ...` to show where the warning was created)
  ✓   2 [managed] › test/e2e/computer-controls.spec.ts:6:1 › This computer manages real pairing links, tray and login choices in an isolated stock environment @managed (13.2s)
(node:3187646) Warning: The 'NO_COLOR' env is ignored due to the 'FORCE_COLOR' env being set.
(Use `node --trace-warnings ...` to show where the warning was created)
  ✓   3 [managed] › test/e2e/computer-controls.spec.ts:6:1 › This computer manages real pairing links, tray and login choices in an isolated stock environment @managed (13.1s)
(node:3189249) Warning: The 'NO_COLOR' env is ignored due to the 'FORCE_COLOR' env being set.
(Use `node --trace-warnings ...` to show where the warning was created)
  ✓   4 [managed] › test/e2e/computer-controls.spec.ts:6:1 › This computer manages real pairing links, tray and login choices in an isolated stock environment @managed (13.3s)
(node:3190937) Warning: The 'NO_COLOR' env is ignored due to the 'FORCE_COLOR' env being set.
(Use `node --trace-warnings ...` to show where the warning was created)
  ✓   5 [managed] › test/e2e/computer-controls.spec.ts:6:1 › This computer manages real pairing links, tray and login choices in an isolated stock environment @managed (12.8s)
(node:3192459) Warning: The 'NO_COLOR' env is ignored due to the 'FORCE_COLOR' env being set.
(Use `node --trace-warnings ...` to show where the warning was created)
  ✓   6 [managed] › test/e2e/computer-controls.spec.ts:6:1 › This computer manages real pairing links, tray and login choices in an isolated stock environment @managed (13.1s)
(node:3194074) Warning: The 'NO_COLOR' env is ignored due to the 'FORCE_COLOR' env being set.
(Use `node --trace-warnings ...` to show where the warning was created)
  ✓   7 [managed] › test/e2e/computer-controls.spec.ts:6:1 › This computer manages real pairing links, tray and login choices in an isolated stock environment @managed (13.1s)
(node:3195716) Warning: The 'NO_COLOR' env is ignored due to the 'FORCE_COLOR' env being set.
(Use `node --trace-warnings ...` to show where the warning was created)
  ✓   8 [managed] › test/e2e/computer-controls.spec.ts:6:1 › This computer manages real pairing links, tray and login choices in an isolated stock environment @managed (13.1s)
(node:3197356) Warning: The 'NO_COLOR' env is ignored due to the 'FORCE_COLOR' env being set.
(Use `node --trace-warnings ...` to show where the warning was created)
  ✓   9 [managed] › test/e2e/computer-controls.spec.ts:6:1 › This computer manages real pairing links, tray and login choices in an isolated stock environment @managed (13.0s)
(node:3198784) Warning: The 'NO_COLOR' env is ignored due to the 'FORCE_COLOR' env being set.
(Use `node --trace-warnings ...` to show where the warning was created)
  ✓  10 [managed] › test/e2e/computer-controls.spec.ts:6:1 › This computer manages real pairing links, tray and login choices in an isolated stock environment @managed (13.3s)

  10 passed (2.3m)
