
added 198 packages in 5s
npm warn install-scripts 2 packages have install scripts not yet covered by allowScripts:
npm warn install-scripts   msgpackr-extract@3.0.4 (install: node-gyp-build-optional-packages)
npm warn install-scripts   node-pty@1.1.0 (install: node scripts/prebuild.js || node-gyp rebuild; postinstall: node scripts/post-install.js)
npm warn install-scripts
npm warn install-scripts Run `npm install-scripts ls` to review, or `npm install-scripts approve <pkg>` to allow.
Staged linux-x64 runtime at /home/dillonc/Projects/StrataMD-wt/bundled-t3-server/build/engine; 342 dependency records.
vite v7.3.6 building ssr environment for production...
transforming...
✓ 88 modules transformed.
rendering chunks...
out/main/cli.js                       30.31 kB
out/main/chunks/runtime-BrCqYGAy.js   73.43 kB
out/main/index.js                    610.05 kB
✓ built in 802ms
vite v7.3.6 building ssr environment for production...
transforming...
✓ 3 modules transformed.
rendering chunks...
out/preload/index.js  19.58 kB
✓ built in 27ms
vite v7.3.6 building client environment for production...
transforming...
../../StrataMD/node_modules/.pnpm/zod@4.5.2/node_modules/zod/v4/core/regexes.js (70:0): A comment

"/** Anchors a pattern source. The interpolation lives here rather than at the call site because
 * esbuild will not drop a `@__PURE__` call whose own argument interpolates a variable, but it
 * will drop `anchor(dateSource)`. Keeping it inline pinned `date` into every bundle. */"

in "../../StrataMD/node_modules/.pnpm/zod@4.5.2/node_modules/zod/v4/core/regexes.js" contains an annotation that Rollup cannot interpret due to the position of the comment. The comment will be removed to avoid issues.
../../StrataMD/node_modules/.pnpm/zod@4.5.2/node_modules/zod/v4/core/util.js (330:0): A comment

"// Wrapped in a `@__PURE__` IIFE: esbuild never tree-shakes a top-level initializer that contains a member access on `Number`, so the bare object literal survived into every bundle."

in "../../StrataMD/node_modules/.pnpm/zod@4.5.2/node_modules/zod/v4/core/util.js" contains an annotation that Rollup cannot interpret due to the position of the comment. The comment will be removed to avoid issues.
✓ 2532 modules transformed.
rendering chunks...
[plugin vite:reporter]
(!) /home/dillonc/Projects/StrataMD-wt/bundled-t3-server/src/editor/mermaid-renderer.ts is dynamically imported by /home/dillonc/Projects/StrataMD-wt/bundled-t3-server/src/renderer/main.tsx but also statically imported by /home/dillonc/Projects/StrataMD-wt/bundled-t3-server/src/editor/code-blocks.ts, dynamic import will not move module into another chunk.

../../out/renderer/assets/ghostty-write-pty-hgyAvVbe.wasm                     0.11 kB
../../out/renderer/index.html                                                 0.63 kB
../../out/renderer/assets/stratamd-logo-BwCBnbu2.svg                          4.42 kB
../../out/renderer/assets/nunito-latin-700-italic-BMy3YKdf.woff2             17.15 kB
../../out/renderer/assets/nunito-latin-500-italic-e2La9S3U.woff2             17.30 kB
../../out/renderer/assets/nunito-latin-600-italic-DyEvecIf.woff2             17.38 kB
../../out/renderer/assets/nunito-latin-800-italic-B1qCGdl6.woff2             17.48 kB
../../out/renderer/assets/baloo-2-latin-800-normal-BbF3Etk1.woff2            18.63 kB
../../out/renderer/assets/baloo-2-latin-700-normal-CqTg7A15.woff2            19.44 kB
../../out/renderer/assets/baloo-2-latin-600-normal-tIfxVoAe.woff2            19.50 kB
../../out/renderer/assets/baloo-2-latin-500-normal-CmLZ27r7.woff2            19.56 kB
../../out/renderer/assets/jetbrains-mono-latin-400-normal-V6pRDFza.woff2     21.17 kB
../../out/renderer/assets/jetbrains-mono-latin-500-normal-BWZEU5yA.woff2     21.83 kB
../../out/renderer/assets/baloo-2-latin-800-normal-B8BXfZF7.woff             22.60 kB
../../out/renderer/assets/baloo-2-latin-700-normal-Ld3Zm3l2.woff             23.41 kB
../../out/renderer/assets/baloo-2-latin-500-normal-BSdEhq8m.woff             23.50 kB
../../out/renderer/assets/baloo-2-latin-600-normal-B4tNaogw.woff             23.54 kB
../../out/renderer/assets/jetbrains-mono-latin-400-normal-6-qcROiO.woff      27.50 kB
../../out/renderer/assets/jetbrains-mono-latin-500-normal-CJOVTJB7.woff      28.21 kB
../../out/renderer/assets/ghostty-vt-DdA0Zryv.wasm                          630.93 kB
../../out/renderer/assets/SymbolsNerdFontMono-Regular-aK5vsLov.woff2      1,177.58 kB
../../out/renderer/assets/index-fwv3e51I.css                                291.41 kB
../../out/renderer/assets/channel-CwtRotbC.js                                 0.20 kB
../../out/renderer/assets/init-ZxktEp_H.js                                    0.26 kB
../../out/renderer/assets/chunk-JWPE2WC7-BV3iRc5D.js                          0.37 kB
../../out/renderer/assets/chunk-2Q5K7J3B-C-vU9fap.js                          0.38 kB
../../out/renderer/assets/chunk-5VM5RSS4-EyXqXKT5.js                          0.43 kB
../../out/renderer/assets/chunk-XXDRQBXY-BEGAqGv8.js                          0.48 kB
../../out/renderer/assets/stateDiagram-v2-MP3YSRHH-Do0LmNJP.js                0.71 kB
../../out/renderer/assets/classDiagram-ZZMXUADV-CeGhwgmU.js                   0.75 kB
../../out/renderer/assets/classDiagram-v2-VYDZK3BY-CeGhwgmU.js                0.75 kB
../../out/renderer/assets/swimlanesDiagram-VR7AAH4N-C43qN9zw.js               0.75 kB
../../out/renderer/assets/infoDiagram-27XIBGKW-DiFMuRvP.js                    0.99 kB
../../out/renderer/assets/chunk-POPQ4Y6H-Di764nmK.js                          1.07 kB
../../out/renderer/assets/chart-renderer-CL7GU5sU.js                          1.65 kB
../../out/renderer/assets/sizeCapture-INFHLROL-VHz-e5rs.js                    1.78 kB
../../out/renderer/assets/ordinal-CxptdPJm.js                                 2.20 kB
../../out/renderer/assets/railroadDiagram-O6MQD6OU-Satj7hX3.js                2.82 kB
../../out/renderer/assets/abnfDiagram-VCTEODGH-CzfqAz0-.js                    3.45 kB
../../out/renderer/assets/pegDiagram-XKGWAZYB-CL15mCRa.js                     3.69 kB
../../out/renderer/assets/chunk-F27PBJKO-Cz4kbqDC.js                          3.75 kB
../../out/renderer/assets/ebnfDiagram-PWID7BFC-DSzgeeYI.js                    3.86 kB
../../out/renderer/assets/arc-BMWT5OI5.js                                     6.95 kB
../../out/renderer/assets/diagram-Z3DM3KII-BhEcXWEW.js                        7.35 kB
../../out/renderer/assets/defaultLocale-B2RvLBDe.js                           9.37 kB
../../out/renderer/assets/linear-fH1tz1Bp.js                                 11.25 kB
../../out/renderer/assets/diagram-UQ7AKVKN-oJblBhgH.js                       11.42 kB
../../out/renderer/assets/pieDiagram-E7YTZNPT-BEUJitLq.js                    12.54 kB
../../out/renderer/assets/diagram-S7CK7UJ4-dT4gHNdZ.js                       16.01 kB
../../out/renderer/assets/cynefinDiagram-5FMLGOSQ-Cl0CQ74y.js                18.33 kB
../../out/renderer/assets/stateDiagram-D77RDMKH-Cvn7Knyf.js                  19.03 kB
../../out/renderer/assets/diagram-VSXAHHWV-DislVT6I.js                       21.57 kB
../../out/renderer/assets/dagre-GXQ25YYZ-C3cVP7tF.js                         23.29 kB
../../out/renderer/assets/chunk-SVP7TREG-CGhZsrC5.js                         30.85 kB
../../out/renderer/assets/diagram-VX7I27RA-MpcywAk6.js                       32.35 kB
../../out/renderer/assets/ishikawaDiagram-5VMMS53U-D47LH5Ev.js               35.07 kB
../../out/renderer/assets/kanban-definition-UXKFOSKX-BlQtG-fO.js             38.11 kB
../../out/renderer/assets/mindmap-definition-YA3MSWOX-DtsIMrO1.js            43.29 kB
../../out/renderer/assets/wardleyDiagram-VM6X3IG4-BrsiC_3W.js                44.51 kB
../../out/renderer/assets/journeyDiagram-3NMN7TZE-BNDJxtAQ.js                45.28 kB
../../out/renderer/assets/sankeyDiagram-P5KCCOFB-Dplpr1uX.js                 46.14 kB
../../out/renderer/assets/requirementDiagram-BXWQKSXE-CyRPxv9t.js            52.54 kB
../../out/renderer/assets/erDiagram-RLTQ6QDP-U4WPjYPP.js                     56.19 kB
../../out/renderer/assets/gitGraphDiagram-WWUBYQGX-fgIjTyhd.js               57.47 kB
../../out/renderer/assets/timeline-definition-24CTP7MA-BOuaMsVY.js           60.48 kB
../../out/renderer/assets/quadrantDiagram-AXDQQJYC-CNHV90n3.js               61.63 kB
../../out/renderer/assets/chunk-IMKFNOWR-Dc-Xxm1d.js                         72.84 kB
../../out/renderer/assets/blockDiagram-I7D4REHJ-BReV0YEf.js                  76.00 kB
../../out/renderer/assets/layout-Bif1ai_o.js                                 78.73 kB
../../out/renderer/assets/xychartDiagram-S5SC5T6Z-CdYxuBKT.js                83.25 kB
../../out/renderer/assets/chunk-TICWLB2K-Cfupv3lj.js                         84.46 kB
../../out/renderer/assets/vennDiagram-4TSXK5OY-YY-FNWnh.js                   88.83 kB
../../out/renderer/assets/flowDiagram-HODETNUW-DEsQmiqm.js                  105.32 kB
../../out/renderer/assets/c4Diagram-7LVT6UL2-C9qWSlNa.js                    111.12 kB
../../out/renderer/assets/ganttDiagram-EL5Y4UJY-BKR-0gCf.js                 133.55 kB
../../out/renderer/assets/sequenceDiagram-WJ2MYXX4-BM8MLSUC.js              201.65 kB
../../out/renderer/assets/cose-bilkent-JH36ORCC-DXZyYsNL.js                 214.53 kB
../../out/renderer/assets/swimlanes-42K2YHIH-BYg9n1t7.js                    298.66 kB
../../out/renderer/assets/architectureDiagram-5GKGNRK7-DNJJ6xRk.js          423.23 kB
../../out/renderer/assets/katex-oVG3DVWa.js                                 484.52 kB
../../out/renderer/assets/cytoscape.esm-CHzIQniu.js                         961.04 kB
../../out/renderer/assets/mermaid.core-D53AhVh5.js                        1,229.26 kB
../../out/renderer/assets/cynefin-OW5HDTMX-Bw1ylwKJ.js                    1,304.47 kB
../../out/renderer/assets/index-6knC0OMs.js                               2,978.73 kB
✓ built in 10.02s
  • electron-builder  version=26.15.3 os=7.2.0-1-cachyos
  • loaded configuration  file=package.json ("build" field)
  • author is missed in the package.json  appPackageFile=/home/dillonc/Projects/StrataMD-wt/bundled-t3-server/package.json
  • skipped dependencies rebuild  reason=npmRebuild is set to false
  • packaging       platform=linux arch=x64 electron=44.0.0 appOutDir=dist/linux-unpacked
  • downloaded      label=electron progress=100%
  • downloaded electron zip extracted successfully  output=/home/dillonc/Projects/StrataMD-wt/bundled-t3-server/dist/linux-unpacked
  • searching for node modules  pm=pnpm searchDir=/home/dillonc/Projects/StrataMD-wt/bundled-t3-server
  • duplicate dependency references  dependencies=["mdast-util-to-markdown@2.1.2","micromark-extension-frontmatter@2.0.0","prosemirror-model@1.25.11","prosemirror-state@1.4.4","prosemirror-transform@1.12.0","prosemirror-view@1.42.3","@types/mdast@4.0.4","mdast-util-to-string@4.0.0","micromark-util-classify-character@2.0.1","micromark-util-decode-string@2.0.1","micromark-util-character@2.1.1","micromark-util-combine-extensions@2.0.1","devlop@1.1.0","unist-util-stringify-position@4.0.0","micromark-factory-space@2.0.1","micromark-util-events-to-acorn@2.0.3","micromark-util-decode-numeric-character-reference@2.0.2","micromark-util-normalize-identifier@2.0.1","micromark-util-chunked@2.0.1","micromark-util-sanitize-uri@2.0.1","micromark-core-commonmark@2.0.3","micromark-util-resolve-all@2.0.1","d3-drag@3.0.0","d3-interpolate@3.0.1","d3-time@3.1.0","d3-time-format@4.1.0","d3-transition@3.0.1","micromark-util-subtokenize@2.1.0"]
  • platform-specific optional dependencies not bundled — add them to your project's optionalDependencies if your app requires them (pnpm 10+ does not auto-install transitive platform binaries)  dependencies=["@parcel/watcher-android-arm64@2.6.0","@parcel/watcher-darwin-arm64@2.6.0","@parcel/watcher-darwin-x64@2.6.0","@parcel/watcher-freebsd-x64@2.6.0","@parcel/watcher-linux-arm-glibc@2.6.0","@parcel/watcher-linux-arm-musl@2.6.0","@parcel/watcher-linux-arm64-glibc@2.6.0","@parcel/watcher-linux-arm64-musl@2.6.0","@parcel/watcher-win32-arm64@2.6.0","@parcel/watcher-win32-x64@2.6.0"]
