vite v7.3.6 building ssr environment for production...
transforming...
✓ 81 modules transformed.
rendering chunks...
out/main/cli.js                       30.31 kB
out/main/chunks/runtime-BGEoIL_y.js   73.04 kB
out/main/index.js                    568.70 kB
✓ built in 760ms
vite v7.3.6 building ssr environment for production...
transforming...
✓ 3 modules transformed.
rendering chunks...
out/preload/index.js  19.38 kB
✓ built in 26ms
vite v7.3.6 building client environment for production...
transforming...
../../StrataMD/node_modules/.pnpm/zod@4.5.2/node_modules/zod/v4/core/regexes.js (70:0): A comment

"/** Anchors a pattern source. The interpolation lives here rather than at the call site because
 * esbuild will not drop a `@__PURE__` call whose own argument interpolates a variable, but it
 * will drop `anchor(dateSource)`. Keeping it inline pinned `date` into every bundle. */"

in "../../StrataMD/node_modules/.pnpm/zod@4.5.2/node_modules/zod/v4/core/regexes.js" contains an annotation that Rollup cannot interpret due to the position of the comment. The comment will be removed to avoid issues.
../../StrataMD/node_modules/.pnpm/zod@4.5.2/node_modules/zod/v4/core/util.js (330:0): A comment

"// Wrapped in a `@__PURE__` IIFE: esbuild never tree-shakes a top-level initializer that contains a member access on `Number`, so the bare object literal survived into every bundle."

in "../../StrataMD/node_modules/.pnpm/zod@4.5.2/node_modules/zod/v4/core/util.js" contains an annotation that Rollup cannot interpret due to the position of the comment. The comment will be removed to avoid issues.
✓ 2529 modules transformed.
rendering chunks...
[plugin vite:reporter] 
(!) /home/dillonc/Projects/StrataMD-wt/bundled-t3-server/src/editor/mermaid-renderer.ts is dynamically imported by /home/dillonc/Projects/StrataMD-wt/bundled-t3-server/src/renderer/main.tsx but also statically imported by /home/dillonc/Projects/StrataMD-wt/bundled-t3-server/src/editor/code-blocks.ts, dynamic import will not move module into another chunk.

../../out/renderer/assets/ghostty-write-pty-hgyAvVbe.wasm                     0.11 kB
../../out/renderer/index.html                                                 0.63 kB
../../out/renderer/assets/stratamd-logo-BwCBnbu2.svg                          4.42 kB
../../out/renderer/assets/nunito-latin-700-italic-BMy3YKdf.woff2             17.15 kB
../../out/renderer/assets/nunito-latin-500-italic-e2La9S3U.woff2             17.30 kB
../../out/renderer/assets/nunito-latin-600-italic-DyEvecIf.woff2             17.38 kB
../../out/renderer/assets/nunito-latin-800-italic-B1qCGdl6.woff2             17.48 kB
../../out/renderer/assets/baloo-2-latin-800-normal-BbF3Etk1.woff2            18.63 kB
../../out/renderer/assets/baloo-2-latin-700-normal-CqTg7A15.woff2            19.44 kB
../../out/renderer/assets/baloo-2-latin-600-normal-tIfxVoAe.woff2            19.50 kB
../../out/renderer/assets/baloo-2-latin-500-normal-CmLZ27r7.woff2            19.56 kB
../../out/renderer/assets/jetbrains-mono-latin-400-normal-V6pRDFza.woff2     21.17 kB
../../out/renderer/assets/jetbrains-mono-latin-500-normal-BWZEU5yA.woff2     21.83 kB
../../out/renderer/assets/baloo-2-latin-800-normal-B8BXfZF7.woff             22.60 kB
../../out/renderer/assets/baloo-2-latin-700-normal-Ld3Zm3l2.woff             23.41 kB
../../out/renderer/assets/baloo-2-latin-500-normal-BSdEhq8m.woff             23.50 kB
../../out/renderer/assets/baloo-2-latin-600-normal-B4tNaogw.woff             23.54 kB
../../out/renderer/assets/jetbrains-mono-latin-400-normal-6-qcROiO.woff      27.50 kB
../../out/renderer/assets/jetbrains-mono-latin-500-normal-CJOVTJB7.woff      28.21 kB
../../out/renderer/assets/ghostty-vt-DdA0Zryv.wasm                          630.93 kB
../../out/renderer/assets/SymbolsNerdFontMono-Regular-aK5vsLov.woff2      1,177.58 kB
../../out/renderer/assets/index-CHBi0cnm.css                                290.98 kB
../../out/renderer/assets/channel-C8glZQ1L.js                                 0.20 kB
../../out/renderer/assets/init-ZxktEp_H.js                                    0.26 kB
../../out/renderer/assets/chunk-JWPE2WC7-BsXfkc1q.js                          0.37 kB
../../out/renderer/assets/chunk-2Q5K7J3B-BeB72CDB.js                          0.38 kB
../../out/renderer/assets/chunk-5VM5RSS4-eEpk_bj1.js                          0.43 kB
../../out/renderer/assets/chunk-XXDRQBXY-BfhNiReY.js                          0.48 kB
../../out/renderer/assets/stateDiagram-v2-MP3YSRHH-B7Ftipok.js                0.71 kB
../../out/renderer/assets/classDiagram-ZZMXUADV-B15SnM-0.js                   0.75 kB
../../out/renderer/assets/classDiagram-v2-VYDZK3BY-B15SnM-0.js                0.75 kB
../../out/renderer/assets/swimlanesDiagram-VR7AAH4N-DxlqFhdi.js               0.75 kB
../../out/renderer/assets/infoDiagram-27XIBGKW-B44RwNNW.js                    0.99 kB
../../out/renderer/assets/chunk-POPQ4Y6H-CaLwZi2D.js                          1.07 kB
../../out/renderer/assets/chart-renderer-BuySMFSv.js                          1.65 kB
../../out/renderer/assets/sizeCapture-INFHLROL-B9YkGGyD.js                    1.78 kB
../../out/renderer/assets/ordinal-CxptdPJm.js                                 2.20 kB
../../out/renderer/assets/railroadDiagram-O6MQD6OU-CB0tiKW9.js                2.82 kB
../../out/renderer/assets/abnfDiagram-VCTEODGH-DI3asSsk.js                    3.45 kB
../../out/renderer/assets/pegDiagram-XKGWAZYB-C-Hto7OM.js                     3.69 kB
../../out/renderer/assets/chunk-F27PBJKO-B8A8eqki.js                          3.75 kB
../../out/renderer/assets/ebnfDiagram-PWID7BFC-CyhQAvN-.js                    3.86 kB
../../out/renderer/assets/arc-ufCsh4ML.js                                     6.95 kB
../../out/renderer/assets/diagram-Z3DM3KII-DU3wiMSR.js                        7.35 kB
../../out/renderer/assets/defaultLocale-B2RvLBDe.js                           9.37 kB
../../out/renderer/assets/linear-DR5qMtJX.js                                 11.25 kB
../../out/renderer/assets/diagram-UQ7AKVKN-jEakhVz1.js                       11.42 kB
../../out/renderer/assets/pieDiagram-E7YTZNPT-C7hcjXdt.js                    12.54 kB
../../out/renderer/assets/diagram-S7CK7UJ4-OP68WFUG.js                       16.01 kB
../../out/renderer/assets/cynefinDiagram-5FMLGOSQ-DvFH05EY.js                18.33 kB
../../out/renderer/assets/stateDiagram-D77RDMKH-B9xacgoB.js                  19.03 kB
../../out/renderer/assets/diagram-VSXAHHWV-B9zEDZSA.js                       21.57 kB
../../out/renderer/assets/dagre-GXQ25YYZ-BU_R8Wxt.js                         23.29 kB
../../out/renderer/assets/chunk-SVP7TREG-DPF15dZy.js                         30.85 kB
../../out/renderer/assets/diagram-VX7I27RA-COZi8rLX.js                       32.35 kB
../../out/renderer/assets/ishikawaDiagram-5VMMS53U-Bd2K-21_.js               35.07 kB
../../out/renderer/assets/kanban-definition-UXKFOSKX-dotTjuco.js             38.11 kB
../../out/renderer/assets/mindmap-definition-YA3MSWOX-DstU0HMe.js            43.29 kB
../../out/renderer/assets/wardleyDiagram-VM6X3IG4-CZvHcUGz.js                44.51 kB
../../out/renderer/assets/journeyDiagram-3NMN7TZE-BLdfranf.js                45.28 kB
../../out/renderer/assets/sankeyDiagram-P5KCCOFB-CyXEPyRi.js                 46.14 kB
../../out/renderer/assets/requirementDiagram-BXWQKSXE-WesFx6qf.js            52.54 kB
../../out/renderer/assets/erDiagram-RLTQ6QDP-DUHE1GWi.js                     56.19 kB
../../out/renderer/assets/gitGraphDiagram-WWUBYQGX-B5RQnfk-.js               57.47 kB
../../out/renderer/assets/timeline-definition-24CTP7MA-Hl-omNZ2.js           60.48 kB
../../out/renderer/assets/quadrantDiagram-AXDQQJYC-DSw2CBvz.js               61.63 kB
../../out/renderer/assets/chunk-IMKFNOWR-Bdbslza3.js                         72.84 kB
../../out/renderer/assets/blockDiagram-I7D4REHJ-CIBSCfTY.js                  76.00 kB
../../out/renderer/assets/layout-CYT7eQJX.js                                 78.73 kB
../../out/renderer/assets/xychartDiagram-S5SC5T6Z-C9o7e64O.js                83.25 kB
../../out/renderer/assets/chunk-TICWLB2K-B-4vTuF9.js                         84.46 kB
../../out/renderer/assets/vennDiagram-4TSXK5OY-DfLGSh-B.js                   88.83 kB
../../out/renderer/assets/flowDiagram-HODETNUW-Cf14j9S4.js                  105.32 kB
../../out/renderer/assets/c4Diagram-7LVT6UL2-4DO65n20.js                    111.12 kB
../../out/renderer/assets/ganttDiagram-EL5Y4UJY-BNW_JQ5A.js                 133.55 kB
../../out/renderer/assets/sequenceDiagram-WJ2MYXX4-C7ZsjVbQ.js              201.65 kB
../../out/renderer/assets/cose-bilkent-JH36ORCC-Bew00vtz.js                 214.53 kB
../../out/renderer/assets/swimlanes-42K2YHIH-Cv-MjMD6.js                    298.66 kB
../../out/renderer/assets/architectureDiagram-5GKGNRK7-CJqfynhq.js          423.23 kB
../../out/renderer/assets/katex-oVG3DVWa.js                                 484.52 kB
../../out/renderer/assets/cytoscape.esm-CHzIQniu.js                         961.04 kB
../../out/renderer/assets/mermaid.core-CftV2as6.js                        1,229.26 kB
../../out/renderer/assets/cynefin-OW5HDTMX-DVBSR_3U.js                    1,304.47 kB
../../out/renderer/assets/index-XGC4asRy.js                               2,956.74 kB
✓ built in 9.21s
